[myanmarfuturocoin.jungonet.com/index.html]
[backblue.gif]
[fade.gif]
[index.html]
[myanmarfuturocoin.jungonet.com/public/css/fonts/font-awesome-4.7.0/css/font-awesome.min.css]
[myanmarfuturocoin.jungonet.com/public/css/main.css]
[ajax.googleapis.com/ajax/libs/jquery/3.1.0/jquery.min.js]
[ajax.googleapis.com/ajax/libs/dojo/1.12.1/dojo/dojo.js]
[myanmarfuturocoin.jungonet.com/public/js/lib/viewport.js]
[myanmarfuturocoin.jungonet.com/public/js/main.js]
[myanmarfuturocoin.jungonet.com/public/js/video.player.js]
[myanmarfuturocoin.jungonet.com/favicons/apple-touch-icon.png]
[myanmarfuturocoin.jungonet.com/favicons/favicon-32x32.png]
[myanmarfuturocoin.jungonet.com/favicons/favicon-16x16.png]
[myanmarfuturocoin.jungonet.com/favicons/manifest.json]
[myanmarfuturocoin.jungonet.com/signup.html]
[myanmarfuturocoin.jungonet.com/index-2.html]
[myanmarfuturocoin.jungonet.com/login.html]
[myanmarfuturocoin.jungonet.com/public/images/covers/1530129041KlVVL.jpg]
[myanmarfuturocoin.jungonet.com/public/images/avatar/1530128204D1vRF.png]
[myanmarfuturocoin.jungonet.com/users.html]
[myanmarfuturocoin.jungonet.com/photos.html]
[myanmarfuturocoin.jungonet.com/videos.html]
[myanmarfuturocoin.jungonet.com/about/privacy_policy.html]
[myanmarfuturocoin.jungonet.com/about/help/index.html]
[myanmarfuturocoin.jungonet.com/about/terms_and_conditions/index.html]
[myanmarfuturocoin.jungonet.com/hashtag/MugabeMustGo.html]
[myanmarfuturocoin.jungonet.com/about/cookie_policy/index.html]
[myanmarfuturocoin.jungonet.com/hashtag/Tajamuka.html]
[myanmarfuturocoin.jungonet.com/hashtag/Zimbabwe.html]
[myanmarfuturocoin.jungonet.com/hashtag/GraceMugabe.html]
[myanmarfuturocoin.jungonet.com/hashtag/AsifuniBumbulu.html]
[myanmarfuturocoin.jungonet.com/hashtag/Nera.html]
[myanmarfuturocoin.jungonet.com/hashtag/Zimbabwecoup.html]
[myanmarfuturocoin.jungonet.com/hashtag/Mthwakazi!,.html]
[myanmarfuturocoin.jungonet.com/hashtag/Mugabe.html]
[myanmarfuturocoin.jungonet.com/hashtag/TytanEP.html]
[myanmarfuturocoin.jungonet.com/index.html]
[myanmarfuturocoin.jungonet.com/about/Privacy_Policy/index.html]
[myanmarfuturocoin.jungonet.com/about/Cookie_Policy/index-2.html]
[myanmarfuturocoin.jungonet.com/public/css/fonts/font-awesome-4.7.0/fonts/fontawesome-webfont3e6e.eot]
[myanmarfuturocoin.jungonet.com/forgot_password/index.html]
[myanmarfuturocoin.jungonet.com/public/css/fonts/font-awesome-4.7.0/fonts/fontawesome-webfontd41d.eot]
[myanmarfuturocoin.jungonet.com/public/css/fonts/font-awesome-4.7.0/fonts/fontawesome-webfont3e6e.woff2]
[myanmarfuturocoin.jungonet.com/public/css/fonts/font-awesome-4.7.0/fonts/fontawesome-webfont3e6e.woff]
[myanmarfuturocoin.jungonet.com/public/css/fonts/font-awesome-4.7.0/fonts/fontawesome-webfont3e6e.ttf]
[myanmarfuturocoin.jungonet.com/public/css/fonts/font-awesome-4.7.0/css/font-awesome.min.css]
[myanmarfuturocoin.jungonet.com/public/images/covers/networking-retina-640x640.jpg]
[myanmarfuturocoin.jungonet.com/public/images/covers/networking-1366x645.jpg]
[myanmarfuturocoin.jungonet.com/public/images/covers/networking-1900x875.jpg]
[myanmarfuturocoin.jungonet.com/public/images/jungonet.png]
[myanmarfuturocoin.jungonet.com/public/images/jungonet-logo-dark.png]
[myanmarfuturocoin.jungonet.com/public/images/chalkboard-image.jpg]
[myanmarfuturocoin.jungonet.com/public/images/small-logo.png]
[jungonet.com/public/images/jungonet-logo-dark.png]
[myanmarfuturocoin.jungonet.com/public/css/main.css]
[myanmarfuturocoin.jungonet.com/favicons/safari-pinned-tab.svg]
[myanmarfuturocoin.jungonet.com/index-2.html]
[myanmarfuturocoin.jungonet.com/about/Privacy_Policy-2.html]
[myanmarfuturocoin.jungonet.com/signup.html]
[myanmarfuturocoin.jungonet.com/login.html]
[myanmarfuturocoin.jungonet.com/about/terms/index.html]
[myanmarfuturocoin.jungonet.com/public/images/avatar/network.gif]
[myanmarfuturocoin.jungonet.com/users.html]
[myanmarfuturocoin.jungonet.com/photos.html]
[myanmarfuturocoin.jungonet.com/public/images/avatar/15193479870Nt05.jpg]
[myanmarfuturocoin.jungonet.com/videos.html]
[myanmarfuturocoin.jungonet.com/about/Cookie_Policy.html]
[myanmarfuturocoin.jungonet.com/about/Help.html]
[myanmarfuturocoin.jungonet.com/about/Terms_and_Conditions.html]
[myanmarfuturocoin.jungonet.com/public/images/info/sign-up.jpg]
[myanmarfuturocoin.jungonet.com/public/images/info/sign-up2.jpg]
[myanmarfuturocoin.jungonet.com/public/images/info/sign-up3.jpg]
[myanmarfuturocoin.jungonet.com/about/help/index.html]
[myanmarfuturocoin.jungonet.com/about/terms_and_conditions/index.html]
[myanmarfuturocoin.jungonet.com/about/privacy_policy.html]
[myanmarfuturocoin.jungonet.com/about/cookie_policy/index.html]
[myanmarfuturocoin.jungonet.com/public/images/avatar/152844789660MpX.jpg]
[myanmarfuturocoin.jungonet.com/hashtag/MugabeMustGo.html]
[myanmarfuturocoin.jungonet.com/hashtag/Tajamuka.html]
[myanmarfuturocoin.jungonet.com/hashtag/Zimbabwe.html]
[myanmarfuturocoin.jungonet.com/public/images/avatar/1494880797mAB47.jpg]
[myanmarfuturocoin.jungonet.com/hashtag/GraceMugabe.html]
[myanmarfuturocoin.jungonet.com/public/images/avatar/1526853568vo8g6.png]
[myanmarfuturocoin.jungonet.com/hashtag/AsifuniBumbulu.html]
[myanmarfuturocoin.jungonet.com/hashtag/Nera.html]
[myanmarfuturocoin.jungonet.com/hashtag/Zimbabwecoup.html]
[myanmarfuturocoin.jungonet.com/public/images/avatar/1504593235aGatS.jpg]
[myanmarfuturocoin.jungonet.com/public/images/avatar/1494850266LsDmm.png]
[myanmarfuturocoin.jungonet.com/hashtag/Mthwakazi!,.html]
[myanmarfuturocoin.jungonet.com/hashtag/Mugabe.html]
[myanmarfuturocoin.jungonet.com/public/images/avatar/1520687321f80qq.jpg]
[myanmarfuturocoin.jungonet.com/hashtag/TytanEP.html]
[myanmarfuturocoin.jungonet.com/about/Privacy_Policy/index.html]
[myanmarfuturocoin.jungonet.com/about/Cookie_Policy/index-2.html]
[myanmarfuturocoin.jungonet.com/forgot_password/index.html]
[myanmarfuturocoin.jungonet.com/login/index.html]
[myanmarfuturocoin.jungonet.com/public/css/fonts/font-awesome-4.7.0/fonts/fontawesome-webfont3e6e.svg]
[myanmarfuturocoin.jungonet.com/about/terms/index.html]
[myanmarfuturocoin.jungonet.com/about/Privacy_Policy-2.html]
[myanmarfuturocoin.jungonet.com/about/Cookie_Policy.html]
[myanmarfuturocoin.jungonet.com/about/Help.html]
[myanmarfuturocoin.jungonet.com/about/Terms_and_Conditions.html]
[myanmarfuturocoin.jungonet.com/login/index.html]
